Header

identifier: «KTX 20»\r\n\x1A\n
vkFormat: VK_FORMAT_UNDEFINED
typeSize: 1
pixelWidth: 8
pixelHeight: 8
pixelDepth: 0
layerCount: 0
faceCount: 1
levelCount: 1
supercompressionScheme: KTX_SS_BASIS_LZ
dataFormatDescriptor.byteOffset: 0x68
dataFormatDescriptor.byteLength: 60
keyValueData.byteOffset: 0xa4
keyValueData.byteLength: 120
supercompressionGlobalData.byteOffset: 0x120
supercompressionGlobalData.byteLength: 140

Level Index

Level0.byteOffset: 0x1ac
Level0.byteLength: 3
Level0.uncompressedByteLength: 0

Data Format Descriptor

DFD total bytes: 60
BDB descriptor type 0x0000 vendor id = 0x00000
Descriptor block size 56 (2 samples) versionNumber = 0x0002
Flags 0x00 Xfer 02 Primaries 01 Model 163
Dimensions: 4,4,1,1
Plane bytes: 0,0,0,0,0,0,0,0
    Sample 0
Qualifiers 0 Channel 0x0 (RGB) Length 64 bits Offset 0
Position: 0,0,0,0
Lower 0x00000000
Upper 0xffffffff
    Sample 1
Qualifiers 0 Channel 0xf (AAA) Length 64 bits Offset 64
Position: 0,0,0,0
Lower 0x00000000
Upper 0xffffffff

Key/Value Data

KTXorientation: rd
KTXwriter: toktx v4.0.__default__ / libktx v4.0.__default__
KTXwriterScParams: --bcmp

Basis Supercompression Global Data

endpointCount: 2
selectorCount: 2
endpointsByteLength: 45
selectorsByteLength: 9
tablesByteLength: 46
extendedByteLength: 0

imageFlags: 0
rgbSliceByteLength: 2
rgbSliceByteOffset: 0
alphaSliceByteLength: 1
alphaSliceByteOffset: 0x2
