Header

identifier: «KTX 20»\r\n\x1A\n
vkFormat: VK_FORMAT_ASTC_6x6_SRGB_BLOCK
typeSize: 1
pixelWidth: 16
pixelHeight: 16
pixelDepth: 0
layerCount: 7
faceCount: 1
levelCount: 5
supercompressionScheme: KTX_SS_NONE
dataFormatDescriptor.byteOffset: 0xc8
dataFormatDescriptor.byteLength: 44
keyValueData.byteOffset: 0xf4
keyValueData.byteLength: 144
supercompressionGlobalData.byteOffset: 0
supercompressionGlobalData.byteLength: 0

Level Index

Level0.byteOffset: 0x4a0
Level0.byteLength: 1008
Level0.uncompressedByteLength: 1008
Level1.byteOffset: 0x2e0
Level1.byteLength: 448
Level1.uncompressedByteLength: 448
Level2.byteOffset: 0x270
Level2.byteLength: 112
Level2.uncompressedByteLength: 112
Level3.byteOffset: 0x200
Level3.byteLength: 112
Level3.uncompressedByteLength: 112
Level4.byteOffset: 0x190
Level4.byteLength: 112
Level4.uncompressedByteLength: 112

Data Format Descriptor

DFD total bytes: 44
BDB descriptor type 0x0000 vendor id = 0x00000
Descriptor block size 40 (1 samples) versionNumber = 0x0002
Flags 0x00 Xfer 02 Primaries 01 Model 162
Dimensions: 6,6,1,1
Plane bytes: 16,0,0,0,0,0,0,0
    Sample 0
Qualifiers 0 Channel 0x0 (R) Length 128 bits Offset 0
Position: 0,0,0,0
Lower 0x00000000
Upper 0xffffffff

Key/Value Data

KTXorientation: rd
KTXwriter: toktx v4.0.__default__ / libktx v4.0.__default__
KTXwriterScParams: --encode astc --astc_blk_d 6x6
