Header

identifier: «KTX 20»\r\n\x1A\n
vkFormat: VK_FORMAT_ASTC_10x5_SRGB_BLOCK
typeSize: 1
pixelWidth: 2048
pixelHeight: 2048
pixelDepth: 0
layerCount: 0
faceCount: 1
levelCount: 12
supercompressionScheme: KTX_SS_NONE
dataFormatDescriptor.byteOffset: 0x170
dataFormatDescriptor.byteLength: 44
keyValueData.byteOffset: 0x19c
keyValueData.byteLength: 144
supercompressionGlobalData.byteOffset: 0
supercompressionGlobalData.byteLength: 0

Level Index

Level0.byteOffset: 0x6ea80
Level0.byteLength: 1344800
Level0.uncompressedByteLength: 1344800
Level1.byteOffset: 0x1c2d0
Level1.byteLength: 337840
Level1.uncompressedByteLength: 337840
Level2.byteOffset: 0x7410
Level2.byteLength: 85696
Level2.uncompressedByteLength: 85696
Level3.byteOffset: 0x1f90
Level3.byteLength: 21632
Level3.uncompressedByteLength: 21632
Level4.byteOffset: 0xa70
Level4.byteLength: 5408
Level4.uncompressedByteLength: 5408
Level5.byteOffset: 0x4c0
Level5.byteLength: 1456
Level5.uncompressedByteLength: 1456
Level6.byteOffset: 0x300
Level6.byteLength: 448
Level6.uncompressedByteLength: 448
Level7.byteOffset: 0x280
Level7.byteLength: 128
Level7.uncompressedByteLength: 128
Level8.byteOffset: 0x260
Level8.byteLength: 32
Level8.uncompressedByteLength: 32
Level9.byteOffset: 0x250
Level9.byteLength: 16
Level9.uncompressedByteLength: 16
Level10.byteOffset: 0x240
Level10.byteLength: 16
Level10.uncompressedByteLength: 16
Level11.byteOffset: 0x230
Level11.byteLength: 16
Level11.uncompressedByteLength: 16

Data Format Descriptor

DFD total bytes: 44
BDB descriptor type 0x0000 vendor id = 0x00000
Descriptor block size 40 (1 samples) versionNumber = 0x0002
Flags 0x00 Xfer 02 Primaries 01 Model 162
Dimensions: 10,5,1,1
Plane bytes: 16,0,0,0,0,0,0,0
    Sample 0
Qualifiers 0 Channel 0x0 (R) Length 128 bits Offset 0
Position: 0,0,0,0
Lower 0x00000000
Upper 0xffffffff

Key/Value Data

KTXorientation: rd
KTXwriter: toktx v4.0.__default__ / libktx v4.0.__default__
KTXwriterScParams: --encode astc --astc_blk_d 10x5
