Header

identifier: «KTX 20»\r\n\x1A\n
vkFormat: VK_FORMAT_ASTC_12x12_SRGB_BLOCK
typeSize: 1
pixelWidth: 2048
pixelHeight: 2048
pixelDepth: 0
layerCount: 0
faceCount: 1
levelCount: 12
supercompressionScheme: KTX_SS_NONE
dataFormatDescriptor.byteOffset: 0x170
dataFormatDescriptor.byteLength: 44
keyValueData.byteOffset: 0x19c
keyValueData.byteLength: 144
supercompressionGlobalData.byteOffset: 0
supercompressionGlobalData.byteLength: 0

Level Index

Level0.byteOffset: 0x26d20
Level0.byteLength: 467856
Level0.uncompressedByteLength: 467856
Level1.byteOffset: 0x9ee0
Level1.byteLength: 118336
Level1.uncompressedByteLength: 118336
Level2.byteOffset: 0x2b50
Level2.byteLength: 29584
Level2.uncompressedByteLength: 29584
Level3.byteOffset: 0xd10
Level3.byteLength: 7744
Level3.uncompressedByteLength: 7744
Level4.byteOffset: 0x580
Level4.byteLength: 1936
Level4.uncompressedByteLength: 1936
Level5.byteOffset: 0x340
Level5.byteLength: 576
Level5.uncompressedByteLength: 576
Level6.byteOffset: 0x2b0
Level6.byteLength: 144
Level6.uncompressedByteLength: 144
Level7.byteOffset: 0x270
Level7.byteLength: 64
Level7.uncompressedByteLength: 64
Level8.byteOffset: 0x260
Level8.byteLength: 16
Level8.uncompressedByteLength: 16
Level9.byteOffset: 0x250
Level9.byteLength: 16
Level9.uncompressedByteLength: 16
Level10.byteOffset: 0x240
Level10.byteLength: 16
Level10.uncompressedByteLength: 16
Level11.byteOffset: 0x230
Level11.byteLength: 16
Level11.uncompressedByteLength: 16

Data Format Descriptor

DFD total bytes: 44
BDB descriptor type 0x0000 vendor id = 0x00000
Descriptor block size 40 (1 samples) versionNumber = 0x0002
Flags 0x00 Xfer 02 Primaries 01 Model 162
Dimensions: 12,12,1,1
Plane bytes: 16,0,0,0,0,0,0,0
    Sample 0
Qualifiers 0 Channel 0x0 (R) Length 128 bits Offset 0
Position: 0,0,0,0
Lower 0x00000000
Upper 0xffffffff

Key/Value Data

KTXorientation: rd
KTXwriter: toktx v4.0.__default__ / libktx v4.0.__default__
KTXwriterScParams: --encode astc --astc_blk_d 12x12
