Header

identifier: «KTX 20»\r\n\x1A\n
vkFormat: VK_FORMAT_ASTC_8x6_SRGB_BLOCK
typeSize: 1
pixelWidth: 2048
pixelHeight: 2048
pixelDepth: 0
layerCount: 0
faceCount: 1
levelCount: 1
supercompressionScheme: KTX_SS_NONE
dataFormatDescriptor.byteOffset: 0x68
dataFormatDescriptor.byteLength: 44
keyValueData.byteOffset: 0x94
keyValueData.byteLength: 144
supercompressionGlobalData.byteOffset: 0
supercompressionGlobalData.byteLength: 0

Level Index

Level0.byteOffset: 0x130
Level0.byteLength: 1400832
Level0.uncompressedByteLength: 1400832

Data Format Descriptor

DFD total bytes: 44
BDB descriptor type 0x0000 vendor id = 0x00000
Descriptor block size 40 (1 samples) versionNumber = 0x0002
Flags 0x00 Xfer 02 Primaries 01 Model 162
Dimensions: 8,6,1,1
Plane bytes: 16,0,0,0,0,0,0,0
    Sample 0
Qualifiers 0 Channel 0x0 (R) Length 128 bits Offset 0
Position: 0,0,0,0
Lower 0x00000000
Upper 0xffffffff

Key/Value Data

KTXorientation: rd
KTXwriter: toktx v4.0.__default__ / libktx v4.0.__default__
KTXwriterScParams: --encode astc --astc_blk_d 8x6
