Header

identifier: «KTX 20»\r\n\x1A\n
vkFormat: VK_FORMAT_UNDEFINED
typeSize: 1
pixelWidth: 2048
pixelHeight: 2048
pixelDepth: 0
layerCount: 0
faceCount: 1
levelCount: 1
supercompressionScheme: KTX_SS_BASIS_LZ
dataFormatDescriptor.byteOffset: 0x68
dataFormatDescriptor.byteLength: 44
keyValueData.byteOffset: 0x94
keyValueData.byteLength: 120
supercompressionGlobalData.byteOffset: 0x110
supercompressionGlobalData.byteLength: 7115

Level Index

Level0.byteOffset: 0x1cdb
Level0.byteLength: 212485
Level0.uncompressedByteLength: 0

Data Format Descriptor

DFD total bytes: 44
BDB descriptor type 0x0000 vendor id = 0x00000
Descriptor block size 40 (1 samples) versionNumber = 0x0002
Flags 0x00 Xfer 02 Primaries 01 Model 163
Dimensions: 4,4,1,1
Plane bytes: 0,0,0,0,0,0,0,0
    Sample 0
Qualifiers 0 Channel 0x0 (RGB) Length 64 bits Offset 0
Position: 0,0,0,0
Lower 0x00000000
Upper 0xffffffff

Key/Value Data

KTXorientation: rd
KTXwriter: toktx v4.0.__default__ / libktx v4.0.__default__
KTXwriterScParams: --bcmp

Basis Supercompression Global Data

endpointCount: 449
selectorCount: 2625
endpointsByteLength: 889
selectorsByteLength: 5000
tablesByteLength: 1186
extendedByteLength: 0

imageFlags: 0
rgbSliceByteLength: 212485
rgbSliceByteOffset: 0
alphaSliceByteLength: 0
alphaSliceByteOffset: 0
