Header

identifier: «KTX 20»\r\n\x1A\n
vkFormat: VK_FORMAT_R8G8B8A8_SRGB
typeSize: 1
pixelWidth: 2048
pixelHeight: 2048
pixelDepth: 0
layerCount: 0
faceCount: 1
levelCount: 12
supercompressionScheme: KTX_SS_NONE
dataFormatDescriptor.byteOffset: 0x170
dataFormatDescriptor.byteLength: 92
keyValueData.byteOffset: 0x1cc
keyValueData.byteLength: 56
supercompressionGlobalData.byteOffset: 0
supercompressionGlobalData.byteLength: 0

Level Index

Level0.byteOffset: 0x555758
Level0.byteLength: 16777216
Level0.uncompressedByteLength: 16777216
Level1.byteOffset: 0x155758
Level1.byteLength: 4194304
Level1.uncompressedByteLength: 4194304
Level2.byteOffset: 0x55758
Level2.byteLength: 1048576
Level2.uncompressedByteLength: 1048576
Level3.byteOffset: 0x15758
Level3.byteLength: 262144
Level3.uncompressedByteLength: 262144
Level4.byteOffset: 0x5758
Level4.byteLength: 65536
Level4.uncompressedByteLength: 65536
Level5.byteOffset: 0x1758
Level5.byteLength: 16384
Level5.uncompressedByteLength: 16384
Level6.byteOffset: 0x758
Level6.byteLength: 4096
Level6.uncompressedByteLength: 4096
Level7.byteOffset: 0x358
Level7.byteLength: 1024
Level7.uncompressedByteLength: 1024
Level8.byteOffset: 0x258
Level8.byteLength: 256
Level8.uncompressedByteLength: 256
Level9.byteOffset: 0x218
Level9.byteLength: 64
Level9.uncompressedByteLength: 64
Level10.byteOffset: 0x208
Level10.byteLength: 16
Level10.uncompressedByteLength: 16
Level11.byteOffset: 0x204
Level11.byteLength: 4
Level11.uncompressedByteLength: 4

Data Format Descriptor

DFD total bytes: 92
BDB descriptor type 0x0000 vendor id = 0x00000
Descriptor block size 88 (4 samples) versionNumber = 0x0002
Flags 0x00 Xfer 02 Primaries 01 Model 001
Dimensions: 1,1,1,1
Plane bytes: 4,0,0,0,0,0,0,0
    Sample 0
Qualifiers 0 Channel 0x0 (R) Length 8 bits Offset 0
Position: 0,0,0,0
Lower 0x00000000
Upper 0x000000ff
    Sample 1
Qualifiers 0 Channel 0x1 (G) Length 8 bits Offset 8
Position: 0,0,0,0
Lower 0x00000000
Upper 0x000000ff
    Sample 2
Qualifiers 0 Channel 0x2 (B) Length 8 bits Offset 16
Position: 0,0,0,0
Lower 0x00000000
Upper 0x000000ff
    Sample 3
Qualifiers 1 Channel 0xf (A) Length 8 bits Offset 24
Position: 0,0,0,0
Lower 0x00000000
Upper 0x000000ff

Key/Value Data

KTXorientation: rd
KTXwriter: toktx version 2
