Header

identifier: «KTX 20»\r\n\x1A\n
vkFormat: VK_FORMAT_R8_UNORM
typeSize: 1
pixelWidth: 200
pixelHeight: 100
pixelDepth: 0
layerCount: 0
faceCount: 1
levelCount: 1
supercompressionScheme: KTX_SS_NONE
dataFormatDescriptor.byteOffset: 0x68
dataFormatDescriptor.byteLength: 44
keyValueData.byteOffset: 0x94
keyValueData.byteLength: 108
supercompressionGlobalData.byteOffset: 0
supercompressionGlobalData.byteLength: 0

Level Index

Level0.byteOffset: 0x100
Level0.byteLength: 20000
Level0.uncompressedByteLength: 20000

Data Format Descriptor

DFD total bytes: 44
BDB descriptor type 0x0000 vendor id = 0x00000
Descriptor block size 40 (1 samples) versionNumber = 0x0002
Flags 0x00 Xfer 01 Primaries 01 Model 001
Dimensions: 1,1,1,1
Plane bytes: 1,0,0,0,0,0,0,0
    Sample 0
Qualifiers 0 Channel 0x0 (R) Length 8 bits Offset 0
Position: 0,0,0,0
Lower 0x00000000
Upper 0x000000ff

Key/Value Data

KTXorientation: rd
KTXswizzle: rrr1
KTXwriter: toktx v4.0.__default__ / libktx v4.0.__default__
