Header

identifier: «KTX 20»\r\n\x1A\n
vkFormat: VK_FORMAT_R8G8B8_UNORM
typeSize: 1
pixelWidth: 128
pixelHeight: 128
pixelDepth: 0
layerCount: 0
faceCount: 1
levelCount: 1
supercompressionScheme: KTX_SS_NONE
dataFormatDescriptor.byteOffset: 0x68
dataFormatDescriptor.byteLength: 76
keyValueData.byteOffset: 0xb4
keyValueData.byteLength: 56
supercompressionGlobalData.byteOffset: 0
supercompressionGlobalData.byteLength: 0

Level Index

Level0.byteOffset: 0xf0
Level0.byteLength: 49152
Level0.uncompressedByteLength: 49152

Data Format Descriptor

DFD total bytes: 76
BDB descriptor type 0x0000 vendor id = 0x00000
Descriptor block size 72 (3 samples) versionNumber = 0x0002
Flags 0x00 Xfer 01 Primaries 01 Model 001
Dimensions: 1,1,1,1
Plane bytes: 3,0,0,0,0,0,0,0
    Sample 0
Qualifiers 0 Channel 0x0 (R) Length 8 bits Offset 0
Position: 0,0,0,0
Lower 0x00000000
Upper 0x000000ff
    Sample 1
Qualifiers 0 Channel 0x1 (G) Length 8 bits Offset 8
Position: 0,0,0,0
Lower 0x00000000
Upper 0x000000ff
    Sample 2
Qualifiers 0 Channel 0x2 (B) Length 8 bits Offset 16
Position: 0,0,0,0
Lower 0x00000000
Upper 0x000000ff

Key/Value Data

KTXorientation: rd
KTXwriter: toktx version 2
