Header

identifier: «KTX 20»\r\n\x1A\n
vkFormat: VK_FORMAT_UNDEFINED
typeSize: 1
pixelWidth: 32
pixelHeight: 32
pixelDepth: 0
layerCount: 0
faceCount: 1
levelCount: 1
supercompressionScheme: KTX_SS_BASIS_LZ
dataFormatDescriptor.byteOffset: 0x68
dataFormatDescriptor.byteLength: 60
keyValueData.byteOffset: 0xa4
keyValueData.byteLength: 140
supercompressionGlobalData.byteOffset: 0x130
supercompressionGlobalData.byteLength: 179

Level Index

Level0.byteOffset: 0x1e3
Level0.byteLength: 48
Level0.uncompressedByteLength: 0

Data Format Descriptor

DFD total bytes: 60
BDB descriptor type 0x0000 vendor id = 0x00000
Descriptor block size 56 (2 samples) versionNumber = 0x0002
Flags 0x00 Xfer 01 Primaries 01 Model 163
Dimensions: 4,4,1,1
Plane bytes: 0,0,0,0,0,0,0,0
    Sample 0
Qualifiers 0 Channel 0x3 (RRR) Length 64 bits Offset 0
Position: 0,0,0,0
Lower 0x00000000
Upper 0xffffffff
    Sample 1
Qualifiers 0 Channel 0x4 (GGG) Length 64 bits Offset 64
Position: 0,0,0,0
Lower 0x00000000
Upper 0xffffffff

Key/Value Data

KTXorientation: rd
KTXswizzle: ra01
KTXwriter: toktx v4.0.__default__ / libktx v4.0.__default__
KTXwriterScParams: --bcmp

Basis Supercompression Global Data

endpointCount: 8
selectorCount: 8
endpointsByteLength: 45
selectorsByteLength: 33
tablesByteLength: 61
extendedByteLength: 0

imageFlags: 0
rgbSliceByteLength: 19
rgbSliceByteOffset: 0
alphaSliceByteLength: 29
alphaSliceByteOffset: 0x13
