Header

identifier: «KTX 20»\r\n\x1A\n
vkFormat: VK_FORMAT_R8G8B8_SRGB
typeSize: 1
pixelWidth: 64
pixelHeight: 64
pixelDepth: 0
layerCount: 0
faceCount: 1
levelCount: 7
supercompressionScheme: KTX_SS_NONE
dataFormatDescriptor.byteOffset: 0xf8
dataFormatDescriptor.byteLength: 76
keyValueData.byteOffset: 0x144
keyValueData.byteLength: 88
supercompressionGlobalData.byteOffset: 0
supercompressionGlobalData.byteLength: 0

Level Index

Level0.byteOffset: 0x11ac
Level0.byteLength: 12288
Level0.uncompressedByteLength: 12288
Level1.byteOffset: 0x5ac
Level1.byteLength: 3072
Level1.uncompressedByteLength: 3072
Level2.byteOffset: 0x2ac
Level2.byteLength: 768
Level2.uncompressedByteLength: 768
Level3.byteOffset: 0x1ec
Level3.byteLength: 192
Level3.uncompressedByteLength: 192
Level4.byteOffset: 0x1bc
Level4.byteLength: 48
Level4.uncompressedByteLength: 48
Level5.byteOffset: 0x1b0
Level5.byteLength: 12
Level5.uncompressedByteLength: 12
Level6.byteOffset: 0x1a4
Level6.byteLength: 3
Level6.uncompressedByteLength: 3

Data Format Descriptor

DFD total bytes: 76
BDB descriptor type 0x0000 vendor id = 0x00000
Descriptor block size 72 (3 samples) versionNumber = 0x0002
Flags 0x00 Xfer 02 Primaries 01 Model 001
Dimensions: 1,1,1,1
Plane bytes: 3,0,0,0,0,0,0,0
    Sample 0
Qualifiers 0 Channel 0x0 (R) Length 8 bits Offset 0
Position: 0,0,0,0
Lower 0x00000000
Upper 0x000000ff
    Sample 1
Qualifiers 0 Channel 0x1 (G) Length 8 bits Offset 8
Position: 0,0,0,0
Lower 0x00000000
Upper 0x000000ff
    Sample 2
Qualifiers 0 Channel 0x2 (B) Length 8 bits Offset 16
Position: 0,0,0,0
Lower 0x00000000
Upper 0x000000ff

Key/Value Data

KTXorientation: rd
KTXwriter: toktx v4.0.__default__ / libktx v4.0.__default__
