Header

identifier: «KTX 20»\r\n\x1A\n
vkFormat: VK_FORMAT_BC3_UNORM_BLOCK
typeSize: 1
pixelWidth: 256
pixelHeight: 256
pixelDepth: 0
layerCount: 7
faceCount: 1
levelCount: 1
supercompressionScheme: KTX_SS_NONE
dataFormatDescriptor.byteOffset: 0x68
dataFormatDescriptor.byteLength: 60
keyValueData.byteOffset: 0xa4
keyValueData.byteLength: 92
supercompressionGlobalData.byteOffset: 0
supercompressionGlobalData.byteLength: 0

Level Index

Level0.byteOffset: 0x100
Level0.byteLength: 458752
Level0.uncompressedByteLength: 458752

Data Format Descriptor

DFD total bytes: 60
BDB descriptor type 0x0000 vendor id = 0x00000
Descriptor block size 56 (2 samples) versionNumber = 0x0002
Flags 0x00 Xfer 01 Primaries 01 Model 130
Dimensions: 4,4,1,1
Plane bytes: 16,0,0,0,0,0,0,0
    Sample 0
Qualifiers 0 Channel 0xf (A) Length 64 bits Offset 0
Position: 0,0,0,0
Lower 0x00000000
Upper 0xffffffff
    Sample 1
Qualifiers 0 Channel 0x0 (R) Length 64 bits Offset 64
Position: 0,0,0,0
Lower 0x00000000
Upper 0xffffffff

Key/Value Data

KTXorientation: rd
KTXwriter: ktx2ktx2 v4.0.__default__ / libktx v4.0.__default__
