Header

identifier: «KTX 20»\r\n\x1A\n
vkFormat: VK_FORMAT_ETC2_R8G8B8_UNORM_BLOCK
typeSize: 1
pixelWidth: 256
pixelHeight: 256
pixelDepth: 0
layerCount: 7
faceCount: 1
levelCount: 1
supercompressionScheme: KTX_SS_NONE
dataFormatDescriptor.byteOffset: 0x68
dataFormatDescriptor.byteLength: 44
keyValueData.byteOffset: 0x94
keyValueData.byteLength: 92
supercompressionGlobalData.byteOffset: 0
supercompressionGlobalData.byteLength: 0

Level Index

Level0.byteOffset: 0xf0
Level0.byteLength: 229376
Level0.uncompressedByteLength: 229376

Data Format Descriptor

DFD total bytes: 44
BDB descriptor type 0x0000 vendor id = 0x00000
Descriptor block size 40 (1 samples) versionNumber = 0x0002
Flags 0x00 Xfer 01 Primaries 01 Model 161
Dimensions: 4,4,1,1
Plane bytes: 8,0,0,0,0,0,0,0
    Sample 0
Qualifiers 0 Channel 0x2 (B) Length 64 bits Offset 0
Position: 0,0,0,0
Lower 0x00000000
Upper 0xffffffff

Key/Value Data

KTXorientation: rd
KTXwriter: ktx2ktx2 v4.0.__default__ / libktx v4.0.__default__
